// Jest Snapshot v1, https://goo.gl/fbAQLP

exports[`<Button /> snapshots should match snapshot 1`] = `
<button
  class="styles__StyledButton-sc-1csa66j-0 hmYbLP"
>
  Add to cart
</button>
`;
